// Jest Snapshot v1, https://goo.gl/fbAQLP

exports[`AddItemForm component renders the complete form 1`] = `
<section
  className="AddCategory"
>
  <h2>
    Create Category
  </h2>
  <EmmaForm
    onSubmit={[Function]}
  >
    <div
      className="field"
    >
      <label
        htmlFor="category-name-input"
      />
      <input
        id="category-name-input"
        name="category-name"
        placeholder="name"
        type="text"
      />
    </div>
    <div
      className="buttons"
    >
      <button
        type="submit"
      >
        Add category
      </button>
    </div>
  </EmmaForm>
</section>
`;
